---
source: crates/ruff_python_formatter/src/lib.rs
expression: "output.print().expect(\"Printing to succeed\").as_code()"
---
"aaaaaaaaaa bbbbbbbbbb cccccccccc dddddddddd eeeeeeeeee ffffffffff gggggggggg hhhhhhh i"
(
	"aaaaaaaaaa bbbbbbbbbb cccccccccc dddddddddd eeeeeeeeee ffffffffff gggggggggg hhhhhhh"
	" iii"
)
